test_collector_loss_and_restart_are_not_provider_terminal (tests.test_engine_runtime_job_supervisor.RuntimeJobSupervisorTests.test_collector_loss_and_restart_are_not_provider_terminal) ... ok
test_restart_reattach_of_every_typed_job_kind_is_result_unavailable (tests.test_engine_runtime_job_supervisor.RuntimeJobSupervisorTests.test_restart_reattach_of_every_typed_job_kind_is_result_unavailable)
M-14 D4(CC-2): checkpoint 없이 재부착한 typed kind는 역할 원문을 결과로 쓰지 않는다. ... ok
test_restart_restores_durable_target_result_for_every_job_kind (tests.test_engine_runtime_job_supervisor.RuntimeJobSupervisorTests.test_restart_restores_durable_target_result_for_every_job_kind) ... 
  test_restart_restores_durable_target_result_for_every_job_kind (tests.test_engine_runtime_job_supervisor.RuntimeJobSupervisorTests.test_restart_restores_durable_target_result_for_every_job_kind) (kind='execution_spec_prepare') ... ERROR
  test_restart_restores_durable_target_result_for_every_job_kind (tests.test_engine_runtime_job_supervisor.RuntimeJobSupervisorTests.test_restart_restores_durable_target_result_for_every_job_kind) (kind='worker_turn') ... ERROR
  test_restart_restores_durable_target_result_for_every_job_kind (tests.test_engine_runtime_job_supervisor.RuntimeJobSupervisorTests.test_restart_restores_durable_target_result_for_every_job_kind) (kind='task_semantic_validate') ... ERROR
  test_restart_restores_durable_target_result_for_every_job_kind (tests.test_engine_runtime_job_supervisor.RuntimeJobSupervisorTests.test_restart_restores_durable_target_result_for_every_job_kind) (kind='goal_test_prepare') ... ERROR
  test_restart_restores_durable_target_result_for_every_job_kind (tests.test_engine_runtime_job_supervisor.RuntimeJobSupervisorTests.test_restart_restores_durable_target_result_for_every_job_kind) (kind='goal_semantic_validate') ... ERROR
  test_restart_restores_durable_target_result_for_every_job_kind (tests.test_engine_runtime_job_supervisor.RuntimeJobSupervisorTests.test_restart_restores_durable_target_result_for_every_job_kind) (kind='recovery') ... ERROR
  test_restart_restores_durable_target_result_for_every_job_kind (tests.test_engine_runtime_job_supervisor.RuntimeJobSupervisorTests.test_restart_restores_durable_target_result_for_every_job_kind) (kind='replanning') ... ERROR
test_deadline_interrupt_is_bounded_and_not_terminal (tests.test_engine_runtime_job_supervisor.RuntimeJobSupervisorTests.test_deadline_interrupt_is_bounded_and_not_terminal) ... ok
test_deadline_terminal_observation_grace_ends_as_collector_lost (tests.test_engine_runtime_job_supervisor.RuntimeJobSupervisorTests.test_deadline_terminal_observation_grace_ends_as_collector_lost) ... FAIL
test_sdk_close_is_bounded_and_does_not_decide_completion (tests.test_engine_runtime_job_supervisor.RuntimeJobSupervisorTests.test_sdk_close_is_bounded_and_does_not_decide_completion) ... ERROR
test_restarted_supervisor_close_marks_and_interrupts_bound_job (tests.test_engine_runtime_job_supervisor.RuntimeJobSupervisorTests.test_restarted_supervisor_close_marks_and_interrupts_bound_job) ... ok
test_restarted_supervisor_observes_exact_running_turn_before_terminal (tests.test_engine_runtime_job_supervisor.RuntimeJobSupervisorTests.test_restarted_supervisor_observes_exact_running_turn_before_terminal) ... ok
test_runtime_job_lifecycle_and_close_do_not_decide_core_completion (tests.test_engine_runtime_job_supervisor.RuntimeJobSupervisorTests.test_runtime_job_lifecycle_and_close_do_not_decide_core_completion) ... ok
test_turn_started_progress_binds_once_and_rejects_a_different_turn (tests.test_engine_runtime_job_supervisor.RuntimeJobSupervisorTests.test_turn_started_progress_binds_once_and_rejects_a_different_turn) ... ok

======================================================================
ERROR: test_restart_restores_durable_target_result_for_every_job_kind (tests.test_engine_runtime_job_supervisor.RuntimeJobSupervisorTests.test_restart_restores_durable_target_result_for_every_job_kind) (kind='execution_spec_prepare')
----------------------------------------------------------------------
Traceback (most recent call last):
  File "/workspace/vm-g-failure-shard/tests/test_engine_runtime_job_supervisor.py", line 667, in test_restart_restores_durable_target_result_for_every_job_kind
    job = supervisor.schedule(
          ^^^^^^^^^^^^^^^^^^^^
  File "/workspace/vm-g-artifacts/candidate/src/flowmarshal/engine/runtime.py", line 2431, in schedule
    state, lease = _acquire_owner_lease(path, self, create=not reserved)
                   ^^^^^^^^^^^^^^^^^^^^^^^^^^^^^^^^^^^^^^^^^^^^^^^^^^^^^
  File "/workspace/vm-g-artifacts/candidate/src/flowmarshal/engine/runtime.py", line 217, in _acquire_owner_lease
    raise RuntimeOwnerLockUnavailable(RUNTIME_OWNER_PLATFORM_UNSUPPORTED)
flowmarshal.engine.runtime.RuntimeOwnerLockUnavailable: RUNTIME_OWNER_LOCK_UNAVAILABLE: platform unsupported: posix

======================================================================
ERROR: test_restart_restores_durable_target_result_for_every_job_kind (tests.test_engine_runtime_job_supervisor.RuntimeJobSupervisorTests.test_restart_restores_durable_target_result_for_every_job_kind) (kind='worker_turn')
----------------------------------------------------------------------
Traceback (most recent call last):
  File "/workspace/vm-g-failure-shard/tests/test_engine_runtime_job_supervisor.py", line 667, in test_restart_restores_durable_target_result_for_every_job_kind
    job = supervisor.schedule(
          ^^^^^^^^^^^^^^^^^^^^
  File "/workspace/vm-g-artifacts/candidate/src/flowmarshal/engine/runtime.py", line 2431, in schedule
    state, lease = _acquire_owner_lease(path, self, create=not reserved)
                   ^^^^^^^^^^^^^^^^^^^^^^^^^^^^^^^^^^^^^^^^^^^^^^^^^^^^^
  File "/workspace/vm-g-artifacts/candidate/src/flowmarshal/engine/runtime.py", line 217, in _acquire_owner_lease
    raise RuntimeOwnerLockUnavailable(RUNTIME_OWNER_PLATFORM_UNSUPPORTED)
flowmarshal.engine.runtime.RuntimeOwnerLockUnavailable: RUNTIME_OWNER_LOCK_UNAVAILABLE: platform unsupported: posix

======================================================================
ERROR: test_restart_restores_durable_target_result_for_every_job_kind (tests.test_engine_runtime_job_supervisor.RuntimeJobSupervisorTests.test_restart_restores_durable_target_result_for_every_job_kind) (kind='task_semantic_validate')
----------------------------------------------------------------------
Traceback (most recent call last):
  File "/workspace/vm-g-failure-shard/tests/test_engine_runtime_job_supervisor.py", line 667, in test_restart_restores_durable_target_result_for_every_job_kind
    job = supervisor.schedule(
          ^^^^^^^^^^^^^^^^^^^^
  File "/workspace/vm-g-artifacts/candidate/src/flowmarshal/engine/runtime.py", line 2431, in schedule
    state, lease = _acquire_owner_lease(path, self, create=not reserved)
                   ^^^^^^^^^^^^^^^^^^^^^^^^^^^^^^^^^^^^^^^^^^^^^^^^^^^^^
  File "/workspace/vm-g-artifacts/candidate/src/flowmarshal/engine/runtime.py", line 217, in _acquire_owner_lease
    raise RuntimeOwnerLockUnavailable(RUNTIME_OWNER_PLATFORM_UNSUPPORTED)
flowmarshal.engine.runtime.RuntimeOwnerLockUnavailable: RUNTIME_OWNER_LOCK_UNAVAILABLE: platform unsupported: posix

======================================================================
ERROR: test_restart_restores_durable_target_result_for_every_job_kind (tests.test_engine_runtime_job_supervisor.RuntimeJobSupervisorTests.test_restart_restores_durable_target_result_for_every_job_kind) (kind='goal_test_prepare')
----------------------------------------------------------------------
Traceback (most recent call last):
  File "/workspace/vm-g-failure-shard/tests/test_engine_runtime_job_supervisor.py", line 667, in test_restart_restores_durable_target_result_for_every_job_kind
    job = supervisor.schedule(
          ^^^^^^^^^^^^^^^^^^^^
  File "/workspace/vm-g-artifacts/candidate/src/flowmarshal/engine/runtime.py", line 2431, in schedule
    state, lease = _acquire_owner_lease(path, self, create=not reserved)
                   ^^^^^^^^^^^^^^^^^^^^^^^^^^^^^^^^^^^^^^^^^^^^^^^^^^^^^
  File "/workspace/vm-g-artifacts/candidate/src/flowmarshal/engine/runtime.py", line 217, in _acquire_owner_lease
    raise RuntimeOwnerLockUnavailable(RUNTIME_OWNER_PLATFORM_UNSUPPORTED)
flowmarshal.engine.runtime.RuntimeOwnerLockUnavailable: RUNTIME_OWNER_LOCK_UNAVAILABLE: platform unsupported: posix

======================================================================
ERROR: test_restart_restores_durable_target_result_for_every_job_kind (tests.test_engine_runtime_job_supervisor.RuntimeJobSupervisorTests.test_restart_restores_durable_target_result_for_every_job_kind) (kind='goal_semantic_validate')
----------------------------------------------------------------------
Traceback (most recent call last):
  File "/workspace/vm-g-failure-shard/tests/test_engine_runtime_job_supervisor.py", line 667, in test_restart_restores_durable_target_result_for_every_job_kind
    job = supervisor.schedule(
          ^^^^^^^^^^^^^^^^^^^^
  File "/workspace/vm-g-artifacts/candidate/src/flowmarshal/engine/runtime.py", line 2431, in schedule
    state, lease = _acquire_owner_lease(path, self, create=not reserved)
                   ^^^^^^^^^^^^^^^^^^^^^^^^^^^^^^^^^^^^^^^^^^^^^^^^^^^^^
  File "/workspace/vm-g-artifacts/candidate/src/flowmarshal/engine/runtime.py", line 217, in _acquire_owner_lease
    raise RuntimeOwnerLockUnavailable(RUNTIME_OWNER_PLATFORM_UNSUPPORTED)
flowmarshal.engine.runtime.RuntimeOwnerLockUnavailable: RUNTIME_OWNER_LOCK_UNAVAILABLE: platform unsupported: posix

======================================================================
ERROR: test_restart_restores_durable_target_result_for_every_job_kind (tests.test_engine_runtime_job_supervisor.RuntimeJobSupervisorTests.test_restart_restores_durable_target_result_for_every_job_kind) (kind='recovery')
----------------------------------------------------------------------
Traceback (most recent call last):
  File "/workspace/vm-g-failure-shard/tests/test_engine_runtime_job_supervisor.py", line 667, in test_restart_restores_durable_target_result_for_every_job_kind
    job = supervisor.schedule(
          ^^^^^^^^^^^^^^^^^^^^
  File "/workspace/vm-g-artifacts/candidate/src/flowmarshal/engine/runtime.py", line 2431, in schedule
    state, lease = _acquire_owner_lease(path, self, create=not reserved)
                   ^^^^^^^^^^^^^^^^^^^^^^^^^^^^^^^^^^^^^^^^^^^^^^^^^^^^^
  File "/workspace/vm-g-artifacts/candidate/src/flowmarshal/engine/runtime.py", line 217, in _acquire_owner_lease
    raise RuntimeOwnerLockUnavailable(RUNTIME_OWNER_PLATFORM_UNSUPPORTED)
flowmarshal.engine.runtime.RuntimeOwnerLockUnavailable: RUNTIME_OWNER_LOCK_UNAVAILABLE: platform unsupported: posix

======================================================================
ERROR: test_restart_restores_durable_target_result_for_every_job_kind (tests.test_engine_runtime_job_supervisor.RuntimeJobSupervisorTests.test_restart_restores_durable_target_result_for_every_job_kind) (kind='replanning')
----------------------------------------------------------------------
Traceback (most recent call last):
  File "/workspace/vm-g-failure-shard/tests/test_engine_runtime_job_supervisor.py", line 667, in test_restart_restores_durable_target_result_for_every_job_kind
    job = supervisor.schedule(
          ^^^^^^^^^^^^^^^^^^^^
  File "/workspace/vm-g-artifacts/candidate/src/flowmarshal/engine/runtime.py", line 2431, in schedule
    state, lease = _acquire_owner_lease(path, self, create=not reserved)
                   ^^^^^^^^^^^^^^^^^^^^^^^^^^^^^^^^^^^^^^^^^^^^^^^^^^^^^
  File "/workspace/vm-g-artifacts/candidate/src/flowmarshal/engine/runtime.py", line 217, in _acquire_owner_lease
    raise RuntimeOwnerLockUnavailable(RUNTIME_OWNER_PLATFORM_UNSUPPORTED)
flowmarshal.engine.runtime.RuntimeOwnerLockUnavailable: RUNTIME_OWNER_LOCK_UNAVAILABLE: platform unsupported: posix

======================================================================
ERROR: test_sdk_close_is_bounded_and_does_not_decide_completion (tests.test_engine_runtime_job_supervisor.RuntimeJobSupervisorTests.test_sdk_close_is_bounded_and_does_not_decide_completion)
----------------------------------------------------------------------
Traceback (most recent call last):
  File "/workspace/vm-g-failure-shard/tests/test_engine_runtime_job_supervisor.py", line 1364, in test_sdk_close_is_bounded_and_does_not_decide_completion
    job = supervisor.schedule(
          ^^^^^^^^^^^^^^^^^^^^
  File "/workspace/vm-g-artifacts/candidate/src/flowmarshal/engine/runtime.py", line 2431, in schedule
    state, lease = _acquire_owner_lease(path, self, create=not reserved)
                   ^^^^^^^^^^^^^^^^^^^^^^^^^^^^^^^^^^^^^^^^^^^^^^^^^^^^^
  File "/workspace/vm-g-artifacts/candidate/src/flowmarshal/engine/runtime.py", line 217, in _acquire_owner_lease
    raise RuntimeOwnerLockUnavailable(RUNTIME_OWNER_PLATFORM_UNSUPPORTED)
flowmarshal.engine.runtime.RuntimeOwnerLockUnavailable: RUNTIME_OWNER_LOCK_UNAVAILABLE: platform unsupported: posix

======================================================================
FAIL: test_deadline_terminal_observation_grace_ends_as_collector_lost (tests.test_engine_runtime_job_supervisor.RuntimeJobSupervisorTests.test_deadline_terminal_observation_grace_ends_as_collector_lost)
----------------------------------------------------------------------
Traceback (most recent call last):
  File "/workspace/vm-g-failure-shard/tests/test_engine_runtime_job_supervisor.py", line 1342, in test_deadline_terminal_observation_grace_ends_as_collector_lost
    self.assertEqual(RuntimeJobStatus.COLLECTOR_LOST, observed.status)
AssertionError: <RuntimeJobStatus.COLLECTOR_LOST: 'collector_lost'> != <RuntimeJobStatus.RUNNING: 'running'>

----------------------------------------------------------------------
Ran 10 tests in 0.469s

FAILED (failures=1, errors=8)
