{
  "project": {
    "id": "project_1ff9f17b4d264c55b8b1025d4aae6358",
    "name": "공백 portable smoke",
    "root": "${WORKSPACE}/vm-evidence/public smoke 최종/project with spaces",
    "artifact_root": "${WORKSPACE}/vm-evidence/public smoke 최종/artifacts/project_1ff9f17b4d264c55b8b1025d4aae6358",
    "active_profile_revision_id": "profile_revision_a975b65b95464f479001a77aaa008ba9",
    "active_goal_revision_id": "goal_revision_eba1ce17d27b404291cbd67d2e1e09e4",
    "active_plan_revision_id": null,
    "run_state": "idle",
    "recovery_reason": null,
    "created_at": "2026-10-01T22:57:39.499540Z",
    "updated_at": "2026-10-01T22:57:40.638836Z"
  },
  "plans": [],
  "tasks": [],
  "attempts": [],
  "runtime_jobs": [],
  "context_sources": [],
  "history_count": 5,
  "history_valid": true,
  "current_stage": "planning_required",
  "reason": "활성 Goal에 실행 가능한 선택 Plan이 없습니다.",
  "next_action": "prepare 결과의 질문·planning finding을 해소하십시오.",
  "authorization_state": "not_ready",
  "control_state": "running",
  "active_runtime_job": null,
  "task_status_counts": {},
  "drill_down": {
    "tasks": [],
    "files": [
      {
        "entry_id": "entry_838b2121f18db0b970383822",
        "path": "AGENTS.md",
        "kind": "instruction",
        "record_status": "preserved",
        "validity": "current",
        "expected_digest": "sha256:5d5b82d0bcac1415e3bf204a8207a2d44f1d801a9866c7dd58bbaee5d00b2862",
        "observed_digest": "sha256:5d5b82d0bcac1415e3bf204a8207a2d44f1d801a9866c7dd58bbaee5d00b2862",
        "reason": "ProjectMap에 결속된 파일 digest와 현재 파일이 일치합니다."
      }
    ],
    "checks": [],
    "evidence": []
  },
  "execution_summary": {
    "model_observations": [],
    "usage_status": "not_observed",
    "usage_missing_components": [],
    "usage_incomplete_reasons": [],
    "external_effect_status": "none",
    "external_effect_unknown": false,
    "external_effect_refs": [],
    "external_effect_reason": "현재 Goal 범위에 미확정 외부 효과가 없습니다."
  },
  "recovery": {
    "state": "none",
    "classification": null,
    "limits": null,
    "scope": {
      "preserved_attempt_ids": [],
      "preserved_evidence_ids": [],
      "preserved_assessment_ids": [],
      "preserved_receipt_intent_ids": [],
      "superseded_plan_revision_ids": [],
      "superseded_task_ids": [],
      "active_plan_revision_id": null
    },
    "assessments": [],
    "next_action": {
      "mode": "none",
      "blocker_code": null,
      "suggested_repair_action": null,
      "checkpoint_required": false,
      "detail": "현재 자동 복구가 필요한 실패가 없습니다."
    }
  }
}
